  console.log
    [dotenv@17.3.1] injecting env (7) from .env -- tip: ΓÜí∩╕Å secrets for agents: https://dotenvx.com/as2

      at _log (node_modules/dotenv/lib/main.js:139:11)

node.exe : (node:4292) ExperimentalWarning: VM Modules is an experimental feature and might change at any time
At C:\Program Files\nodejs\npx.ps1:29 char:3
+   & $NODE_EXE $NPX_CLI_JS $args
+   ~~~~~~~~~~~~~~~~~~~~~~~~~~~~~
    + CategoryInfo          : NotSpecified: ((node:4292) Exp...nge at any time:String) [], RemoteException
    + FullyQualifiedErrorId : NativeCommandError
 
(Use `node --trace-warnings ...` to show where the warning was created)
  console.log
    Γ£à MongoDB ─æ├ú kß║┐t nß╗æi: ac-cmv38il-shard-00-00.jmva6xa.mongodb.net

      at log (src/config/db.js:6:15)

FAIL tests/auth.test.js
  Auth API Endpoints
    ├ù Sß╗¡ dß╗Ñng POST /api/auth/register ─æß╗â tß║ío user mß╗¢i (318 ms)
    ├ù Sß╗¡ dß╗Ñng POST /api/auth/login ─æß╗â ─æ─âng nhß║¡p (66 ms)
    ├ù Sß╗¡ dß╗Ñng GET /api/auth/profile ─æß╗â lß║Ñy th├┤ng tin (y├¬u cß║ºu token) (76 ms)
    ΓêÜ Sß╗¡ dß╗Ñng POST /api/auth/logout ─æß╗â ─æ─âng xuß║Ñt (7 ms)

  ΓùÅ Auth API Endpoints ΓÇ║ Sß╗¡ dß╗Ñng POST /api/auth/register ─æß╗â tß║ío user mß╗¢i

    expect(received).toEqual(expected) // deep equality

    Expected: 201
    Received: 500

    [0m [90m 29 |[39m          [33m.[39msend(testUser)[33m;[39m
     [90m 30 |[39m
    [31m[1m>[22m[39m[90m 31 |[39m       expect(res[33m.[39mstatusCode)[33m.[39mtoEqual([35m201[39m)[33m;[39m
     [90m    |[39m                              [31m[1m^[22m[39m
     [90m 32 |[39m       expect(res[33m.[39mbody)[33m.[39mtoHaveProperty([32m'accessToken'[39m)[33m;[39m
     [90m 33 |[39m       expect(res[33m.[39mbody[33m.[39memail)[33m.[39mtoBe(testUser[33m.[39memail)[33m;[39m
     [90m 34 |[39m    })[33m;[39m[0m

      at Object.toEqual (tests/auth.test.js:31:30)

  ΓùÅ Auth API Endpoints ΓÇ║ Sß╗¡ dß╗Ñng POST /api/auth/login ─æß╗â ─æ─âng nhß║¡p

    expect(received).toEqual(expected) // deep equality

    Expected: 200
    Received: 401

    [0m [90m 42 |[39m          })[33m;[39m
     [90m 43 |[39m
    [31m[1m>[22m[39m[90m 44 |[39m       expect(res[33m.[39mstatusCode)[33m.[39mtoEqual([35m200[39m)[33m;[39m
     [90m    |[39m                              [31m[1m^[22m[39m
     [90m 45 |[39m       expect(res[33m.[39mbody)[33m.[39mtoHaveProperty([32m'accessToken'[39m)[33m;[39m
     [90m 46 |[39m       [90m// Kiß╗âm tra HttpOnly cookie[39m
     [90m 47 |[39m       expect(res[33m.[39mheaders[[32m'set-cookie'[39m])[33m.[39mtoBeDefined()[33m;[39m[0m

      at Object.toEqual (tests/auth.test.js:44:30)

  ΓùÅ Auth API Endpoints ΓÇ║ Sß╗¡ dß╗Ñng GET /api/auth/profile ─æß╗â lß║Ñy th├┤ng tin (y├¬u cß║ºu token)

    expect(received).toEqual(expected) // deep equality

    Expected: 200
    Received: 401

    [0m [90m 63 |[39m          [33m.[39m[36mset[39m([32m'Authorization'[39m[33m,[39m [32m`Bearer 
${token}`[39m)[33m;[39m
     [90m 64 |[39m
    [31m[1m>[22m[39m[90m 65 |[39m       expect(res[33m.[39mstatusCode)[33m.[39mtoEqual([35m200[39m)[33m;[39m
     [90m    |[39m                              [31m[1m^[22m[39m
     [90m 66 |[39m       expect(res[33m.[39mbody[33m.[39memail)[33m.[39mtoBe(testUser[33m.[39memail)[33m;[39m
     [90m 67 |[39m    })[33m;[39m
     [90m 68 |[39m[0m

      at Object.toEqual (tests/auth.test.js:65:30)

Test Suites: 1 failed, 1 total
Tests:       3 failed, 1 passed, 4 total
Snapshots:   0 total
Time:        3.379 s
Ran all test suites matching tests/auth.test.js.
